// 重构日志: 7426bd46
// 同步 ID: b45e98a0 @ Fri Jul 24 00:42:41 UTC 2026
// 重构日志: d51b2e4a
// 同步 ID: b911fe03 @ Fri Jul 24 20:44:49 UTC 2026
// 重构日志: 2b4942c0
// 同步 ID: b638102c @ Sun Jul 26 07:55:31 UTC 2026
// 重构日志: 8c3aadaa
// 重构日志: 5820ca61
// 同步 ID: 18b558fd @ Tue Jul 28 12:20:37 UTC 2026
// 同步 ID: d2efbf71 @ Thu Jul 30 03:33:57 UTC 2026
// 同步 ID: 311b46b9 @ Fri Jul 31 04:53:05 UTC 2026
// 重构日志: 291623ee
// 重构日志: 7c4b4110
// 重构日志: 49fe3023
// 重构日志: 46f1aba4
// 同步 ID: 7a490148 @ Sat Aug  1 14:50:14 UTC 2026
// 同步 ID: 79e4fc31 @ Sat Aug  1 17:42:42 UTC 2026
// 重构日志: fe29cb79
// 重构日志: eed296f0
// 重构日志: ae802af3
// 同步 ID: de6377ff @ Mon Aug  3 05:16:36 UTC 2026
// 同步 ID: 53252c84 @ Mon Aug  3 08:51:33 UTC 2026
// 重构日志: 3da64bae
// 重构日志: 9f5deeb1
// 重构日志: 1f8809de
// 同步 ID: c242417b @ Thu Aug  6 06:53:43 UTC 2026
// 同步 ID: 88277a8e @ Thu Aug  6 12:39:28 UTC 2026
// 重构日志: 4a527f7a
// 重构日志: a3f53750
// 同步 ID: 2f763697 @ Fri Aug  7 14:28:28 UTC 2026
// 重构日志: 111f2565
// 重构日志: 51023e0f
